MOCK BENCHMARK: curated output; not generated by an executed Kaggle run.
checkout_commit=abc46819e7d4a266bbdf75abb58d7971b51304a7
command=torchrun --standalone --nproc_per_node=2 scripts/benchmark_ddp_nccl.py
epoch=1 seconds=0.952318
epoch=2 seconds=0.901442
epoch=3 seconds=0.897115
epoch=4 seconds=0.904226
epoch=5 seconds=0.899731
epoch=6 seconds=0.902884
epoch=7 seconds=0.896509
epoch=8 seconds=0.903167
epoch=9 seconds=0.898420
epoch=10 seconds=0.900861

=== DDP NCCL benchmark summary ===
backend=nccl
world_size=2
gpu_names=['Tesla T4', 'Tesla T4']
torch_version=2.6.0+cu124
cuda_version=12.4
nccl_version=2.21.5
total_time_seconds=9.056673
throughput_samples_per_second=289448.454
