checkout_commit=abc46819e7d4a266bbdf75abb58d7971b51304a7
command=torchrun --standalone --nproc_per_node=1 scripts/benchmark_ddp_nccl.py
epoch=1 seconds=1.612341
epoch=2 seconds=1.498225
epoch=3 seconds=1.487903
epoch=4 seconds=1.493812
epoch=5 seconds=1.489551
epoch=6 seconds=1.501244
epoch=7 seconds=1.496883
epoch=8 seconds=1.492107
epoch=9 seconds=1.488992
epoch=10 seconds=1.495771

=== DDP NCCL benchmark summary ===
backend=nccl
world_size=1
gpu_names=['Tesla T4']
torch_version=2.6.0+cu124
cuda_version=12.4
nccl_version=2.21.5
total_time_seconds=15.056829
throughput_samples_per_second=174103.060
